// Jest Snapshot v1, https://goo.gl/fbAQLP

exports[`<Avatar /> renders Avatar 1`] = `
<styled.img
  alt="undefined"
  size="medium"
  src="/images/undefined_lg.jpg"
/>
`;
